<?xml version="1.0" encoding="utf-8"?>
<t24help>
<header>
<product>EB</product>
<table>EB.OVERRIDE.APPROVED</table>
</header>
<overview>
<ovdesc>

        </ovdesc>
<ovimage></ovimage>
</overview>
<menu>
<t>
<field>REFERENCE</field>
<desc>
            <p>This file contains the override data for records that have already had their override approved. Further applications can then use this record to see if an override has already been applied to a transaction.</p>
            <p>
                <p>Validation Rules:</p>
            </p>
            <p />
            <p>The ID of this file matches the ID of the transaction         that created this entry.</p>
        </desc>
</t>
<t>
<field>APP.ID</field>
<desc>
            <p>This field is multi-valued &amp; is associated to the APPLICATION field. It contains the T24 ID of the associated APPLICATION.</p>
            <p>This field is updated each time the record is checked for OVERRIDE suppression.</p>
            <p>
                <p>Validation Rules:</p>
            </p>
            <p />
            <p>'NOINPUT' field.</p>
        </desc>
</t>
<t>
<field>APPLICATION</field>
<desc>
            <p>This field is multi-valued &amp; contains a list of applications that have accessed this record to check for OVERRIDE suppression. It is associated with the APP.ID field which details the T24 ID of the associated application.</p>
            <p>This field is updated each time the record is checked for OVERRIDE suppression.</p>
            <p>
                <p>Validation Rules:</p>
            </p>
            <p />
            <p>'NOINPUT' field</p>
        </desc>
</t>
<t>
<field>OVERRIDE.MSGE</field>
<desc>
            <p>This field is multi-valued &amp; contains the details of all the OVERRIDES that have been accepted in one of the applications listed in the APPLICATION field. (This must have been previously configured in each individual OVERRIDE message)</p>
            <p>
                <p>Validation Rules:</p>
            </p>
            <p />
            <p>'NOINPUT' Field</p>
        </desc>
</t>
</menu>
</t24help>

